../Core/Src/Cli.c:29:12:checkToken	32	static
../Core/Src/Cli.c:48:12:timeStrTok	24	static
../Core/Src/Cli.c:102:12:paramStrTok	24	static
../Core/Src/Cli.c:127:13:cmdGetSeconds	32	static
../Core/Src/Cli.c:145:13:cmdListAlarms	24	static
../Core/Src/Cli.c:161:13:cmdSetDate	32	static
../Core/Src/Cli.c:178:13:cmdAddAlarm	80	static
../Core/Src/Cli.c:200:13:cmdDelAlarm	24	static
../Core/Src/Cli.c:219:13:cmdStopAlarm	24	static
../Core/Src/Cli.c:234:13:cmdClearAllAlarms	24	static
../Core/Src/Cli.c:250:13:cmdEditAlarm	104	static
../Core/Src/Cli.c:285:6:cmdListMelody	24	static
../Core/Src/Cli.c:299:6:Cli_init	8	static
