../Core/Src/main.c:135:5:main	8	static
../Core/Src/main.c:237:6:SystemClock_Config	96	static
../Core/Src/main.c:287:13:MX_I2C1_Init	8	static
../Core/Src/main.c:335:13:MX_TIM3_Init	48	static
../Core/Src/main.c:384:13:MX_USART2_UART_Init	8	static
../Core/Src/main.c:419:13:MX_GPIO_Init	48	static
../Core/Src/main.c:460:5:_write	24	static
../Core/Src/main.c:473:13:Default	16	static
../Core/Src/main.c:492:6:HAL_TIM_PeriodElapsedCallback	16	static
../Core/Src/main.c:509:6:Error_Handler	4	static,ignoring_inline_asm
